ALTER user DBA 
ALTER TABLE hdb_agen 
ALTER TABLE hdb_attr
ALTER TABLE hdb_computed_datatype 
ALTER TABLE hdb_computed_datatype_component
ALTER TABLE hdb_damtype
ALTER TABLE hdb_data_source           
ALTER TABLE hdb_datatype 
ALTER TABLE hdb_datatype
ALTER TABLE hdb_datatype
ALTER TABLE hdb_datatype_type 
ALTER TABLE hdb_date_time_unit
ALTER TABLE hdb_dimension         
ALTER TABLE hdb_divtype
ALTER TABLE hdb_dmi_unit_map            
ALTER TABLE hdb_gagetype                
ALTER TABLE hdb_interval
ALTER TABLE hdb_method
ALTER TABLE hdb_method_class
ALTER TABLE hdb_method_class_type
ALTER TABLE hdb_model 
ALTER TABLE hdb_modeltype
ALTER TABLE hdb_objecttype        
ALTER TABLE hdb_operator
ALTER TABLE hdb_river 
ALTER TABLE hdb_river_reach 
ALTER TABLE hdb_site
ALTER TABLE hdb_site_datatype 
ALTER TABLE hdb_site_datatype 
ALTER TABLE hdb_state
ALTER TABLE hdb_unit  
ALTER TABLE hdb_usbr_off
ALTER TABLE hdb_validation            
ALTER TABLE hm_temp_data  
ALTER TABLE ref_agg_disagg
ALTER TABLE ref_app_data_source      
ALTER TABLE ref_auth_site
ALTER TABLE ref_auth_site_datatype
ALTER TABLE ref_db_list   
ALTER TABLE ref_db_list
ALTER TABLE ref_div  
ALTER TABLE ref_dmi_data_map    
ALTER TABLE ref_hm_filetype         
ALTER TABLE ref_hm_pcode           
ALTER TABLE ref_hm_pcode_objecttype       
ALTER TABLE ref_hm_site
ALTER TABLE ref_hm_site_datatype 
ALTER TABLE ref_hm_site_hdbid          
ALTER TABLE ref_hm_site_pcode    
ALTER TABLE ref_model_run 
ALTER TABLE ref_model_user
ALTER TABLE ref_res      
ALTER TABLE ref_res_flowlu            
ALTER TABLE ref_res_wselu
ALTER TABLE ref_site_coef
ALTER TABLE ref_site_coef_day 
ALTER TABLE ref_site_coef_month 
ALTER TABLE ref_site_coeflu
ALTER TABLE ref_str
ALTER user DBA 
