

4[1H[0J[7mWARNING ** WARNING ** WARNING ** WARNING ** WARNING ** WARNING ** WARNING [0m 
 This is United States government computer system, maintained by the
 Department of the Interior, to provide official unclassified U.S.
 government information only.  Use of this system by any authorized or
 unauthorized user constitutes consent to monitoring, retrival, and
 disclosure by authorized personal. USERS HAVE NO REASONABLE EXPECTATION
 OF PRIVACY IN THE USE OF THIS SYSTEM.  Unauthorized use may subject
 violators to criminal, civil, and/or disciplinary action.
[7mWARNING ** WARNING ** WARNING ** WARNING ** WARNING ** WARNING ** WARNING[0m
 



4[1H[0J[7mWARNING ** WARNING ** WARNING ** WARNING ** WARNING ** WARNING ** WARNING [0m 
 This is United States government computer system, maintained by the
 Department of the Interior, to provide official unclassified U.S.
 government information only.  Use of this system by any authorized or
 unauthorized user constitutes consent to monitoring, retrival, and
 disclosure by authorized personal. USERS HAVE NO REASONABLE EXPECTATION
 OF PRIVACY IN THE USE OF THIS SYSTEM.  Unauthorized use may subject
 violators to criminal, civil, and/or disciplinary action.
[7mWARNING ** WARNING ** WARNING ** WARNING ** WARNING ** WARNING ** WARNING[0m
 

