No data found for site: Colorado River Below KB Ditch, 4170
No data found for site: Colorado River Near Grand Lake (North Fork), 4070
No data found for site: Colorado River Near Hot Sulphur Springs, 4150
No data found for site: Colorado River Near Parshall, 4160
No data found for site: East Inlet near Grand Lake, 4190
No data found for site: North Inlet near Grand Lake, 4060
No data found for site: Willow Creek above Willow Creek Reservoir, 4080
